Release 14.7 - xst P.20131013 (nt64)
Copyright (c) 1995-2013 Xilinx, Inc.  All rights reserved.
--> Parameter TMPDIR set to xst/projnav.tmp


Total REAL time to Xst completion: 0.00 secs
Total CPU time to Xst completion: 0.06 secs
 
--> Parameter xsthdpdir set to xst


Total REAL time to Xst completion: 0.00 secs
Total CPU time to Xst completion: 0.06 secs
 
--> Reading design: LINE_OPERATOR.prj

TABLE OF CONTENTS
  1) Synthesis Options Summary
  2) HDL Parsing
  3) HDL Elaboration
  4) HDL Synthesis
       4.1) HDL Synthesis Report
  5) Advanced HDL Synthesis
       5.1) Advanced HDL Synthesis Report
  6) Low Level Synthesis
  7) Partition Report
  8) Design Summary
       8.1) Primitive and Black Box Usage
       8.2) Device utilization summary
       8.3) Partition Resource Summary
       8.4) Timing Report
            8.4.1) Clock Information
            8.4.2) Asynchronous Control Signals Information
            8.4.3) Timing Summary
            8.4.4) Timing Details
            8.4.5) Cross Clock Domains Report


=========================================================================
*                      Synthesis Options Summary                        *
=========================================================================
---- Source Parameters
Input File Name                    : "LINE_OPERATOR.prj"
Ignore Synthesis Constraint File   : NO

---- Target Parameters
Output File Name                   : "LINE_OPERATOR"
Output Format                      : NGC
Target Device                      : xa7z020-1I-clg400

---- Source Options
Top Module Name                    : LINE_OPERATOR
Automatic FSM Extraction           : YES
FSM Encoding Algorithm             : Auto
Safe Implementation                : No
FSM Style                          : LUT
RAM Extraction                     : Yes
RAM Style                          : Auto
ROM Extraction                     : Yes
Shift Register Extraction          : YES
ROM Style                          : Auto
Resource Sharing                   : YES
Asynchronous To Synchronous        : NO
Shift Register Minimum Size        : 2
Use DSP Block                      : Auto
Automatic Register Balancing       : No

---- Target Options
LUT Combining                      : Auto
Reduce Control Sets                : Auto
Add IO Buffers                     : YES
Global Maximum Fanout              : 100000
Add Generic Clock Buffer(BUFG)     : 32
Register Duplication               : YES
Optimize Instantiated Primitives   : NO
Use Clock Enable                   : Auto
Use Synchronous Set                : Auto
Use Synchronous Reset              : Auto
Pack IO Registers into IOBs        : Auto
Equivalent register Removal        : YES

---- General Options
Optimization Goal                  : Speed
Optimization Effort                : 1
Power Reduction                    : NO
Keep Hierarchy                     : No
Netlist Hierarchy                  : As_Optimized
RTL Output                         : Yes
Global Optimization                : AllClockNets
Read Cores                         : YES
Write Timing Constraints           : NO
Cross Clock Analysis               : NO
Hierarchy Separator                : /
Bus Delimiter                      : <>
Case Specifier                     : Maintain
Slice Utilization Ratio            : 100
BRAM Utilization Ratio             : 100
DSP48 Utilization Ratio            : 100
Auto BRAM Packing                  : NO
Slice Utilization Ratio Delta      : 5

=========================================================================


=========================================================================
*                          HDL Parsing                                  *
=========================================================================
Parsing VHDL file "E:\Master Degree\VSOIZM\vsoizm\Practice\REG.vhd" into library work
Parsing entity <REG>.
Parsing architecture <Behavioral> of entity <reg>.
Parsing VHDL file "E:\Master Degree\VSOIZM\vsoizm\Practice\DBL_IN_REG.vhd" into library work
Parsing entity <DBL_IN_REG>.
Parsing architecture <Behavioral> of entity <dbl_in_reg>.
Parsing VHDL file "E:\Master Degree\VSOIZM\vsoizm\Practice\ConvolutionPack.vhd" into library work
Parsing package <ConvolutionPack>.
Parsing package body <ConvolutionPack>.
Parsing VHDL file "E:\Master Degree\VSOIZM\vsoizm\Practice\LINE_REG.vhd" into library work
Parsing entity <LINE_REG>.
Parsing architecture <Behavioral> of entity <line_reg>.
Parsing VHDL file "E:\Master Degree\VSOIZM\vsoizm\Practice\LINE_OPERATOR.vhd" into library work
Parsing entity <LINE_OPERATOR>.
Parsing architecture <Behavioral> of entity <line_operator>.

=========================================================================
*                            HDL Elaboration                            *
=========================================================================

Elaborating entity <LINE_OPERATOR> (architecture <Behavioral>) with generics from library <work>.

Elaborating entity <REG> (architecture <Behavioral>) with generics from library <work>.

Elaborating entity <LINE_REG> (architecture <Behavioral>) with generics from library <work>.

Elaborating entity <DBL_IN_REG> (architecture <Behavioral>) with generics from library <work>.

Elaborating entity <REG> (architecture <Behavioral>) with generics from library <work>.

=========================================================================
*                           HDL Synthesis                               *
=========================================================================

Synthesizing Unit <LINE_OPERATOR>.
    Related source file is "E:\Master Degree\VSOIZM\vsoizm\Practice\LINE_OPERATOR.vhd".
        LINESIZE = 256
        KERNELSIZE = 9
        WORD = 8
    Found 16-bit adder for signal <_n0221> created at line 37.
    Found 16-bit adder for signal <_n0222> created at line 37.
    Found 16-bit adder for signal <_n0223> created at line 37.
    Found 16-bit adder for signal <_n0224> created at line 37.
    Found 16-bit adder for signal <_n0225> created at line 37.
    Found 16-bit adder for signal <_n0226> created at line 37.
    Found 16-bit adder for signal <_n0227> created at line 37.
    Found 16-bit adder for signal <KERNEL_SUM> created at line 37.
    Found 24-bit adder for signal <_n0229> created at line 42.
    Found 24-bit adder for signal <_n0230> created at line 42.
    Found 24-bit adder for signal <_n0231> created at line 42.
    Found 24-bit adder for signal <_n0232> created at line 42.
    Found 24-bit adder for signal <_n0233> created at line 42.
    Found 24-bit adder for signal <_n0234> created at line 42.
    Found 24-bit adder for signal <_n0235> created at line 42.
    Found 24-bit adder for signal <CONV_SUM> created at line 42.
    Found 9x8-bit multiplier for signal <multiples<8>> created at line 96.
    Found 9x8-bit multiplier for signal <multiples<7>> created at line 96.
    Found 9x8-bit multiplier for signal <multiples<6>> created at line 96.
    Found 9x8-bit multiplier for signal <multiples<5>> created at line 96.
    Found 9x8-bit multiplier for signal <multiples<4>> created at line 96.
    Found 9x8-bit multiplier for signal <multiples<3>> created at line 96.
    Found 9x8-bit multiplier for signal <multiples<2>> created at line 96.
    Found 9x8-bit multiplier for signal <multiples<1>> created at line 96.
    Found 9x8-bit multiplier for signal <multiples<0>> created at line 96.
    Summary:
	inferred   9 Multiplier(s).
	inferred  16 Adder/Subtractor(s).
Unit <LINE_OPERATOR> synthesized.

Synthesizing Unit <REG_1>.
    Related source file is "E:\Master Degree\VSOIZM\vsoizm\Practice\REG.vhd".
        N = 72
    Found 72-bit register for signal <reg>.
    Summary:
	inferred  72 D-type flip-flop(s).
Unit <REG_1> synthesized.

Synthesizing Unit <LINE_REG>.
    Related source file is "E:\Master Degree\VSOIZM\vsoizm\Practice\LINE_REG.vhd".
        SIZE = 256
        OUTSIZE = 9
        WORD = 8
    Summary:
	no macro.
Unit <LINE_REG> synthesized.

Synthesizing Unit <DBL_IN_REG>.
    Related source file is "E:\Master Degree\VSOIZM\vsoizm\Practice\DBL_IN_REG.vhd".
        N = 8
    Summary:
	inferred   1 Multiplexer(s).
Unit <DBL_IN_REG> synthesized.

Synthesizing Unit <REG_2>.
    Related source file is "E:\Master Degree\VSOIZM\vsoizm\Practice\REG.vhd".
        N = 8
    Found 8-bit register for signal <reg>.
    Summary:
	inferred   8 D-type flip-flop(s).
Unit <REG_2> synthesized.

=========================================================================
HDL Synthesis Report

Macro Statistics
# Multipliers                                          : 9
 9x8-bit multiplier                                    : 9
# Adders/Subtractors                                   : 16
 16-bit adder                                          : 8
 24-bit adder                                          : 8
# Registers                                            : 257
 72-bit register                                       : 1
 8-bit register                                        : 256
# Multiplexers                                         : 256
 8-bit 2-to-1 multiplexer                              : 256

=========================================================================

=========================================================================
*                       Advanced HDL Synthesis                          *
=========================================================================

